2026-02-18 14:04:03,428 [INFO] [INTEL] UPLINK STATUS: CONNECTED
2026-02-18 14:04:09,218 [INFO] [SCANNER] Search initiated: JA
2026-02-18 14:04:09,970 [INFO] [SCANNER] Search initiated: JAR
2026-02-18 14:04:14,210 [INFO] [SCANNER] Search initiated: JA
2026-02-18 14:04:33,966 [INFO] [DECK] CONTRACT REGISTERED: JARON | PRIO: LOW
2026-02-18 14:04:35,975 [INFO] [FINANCE] MISSION ACCOMPLISHED >> JARON | +5000 aUEC
2026-02-18 14:24:47,243 [INFO] [INTEL] UPLINK STATUS: CONNECTED
2026-02-18 14:24:47,268 [INFO] [APP] Application started
2026-02-18 14:24:55,344 [INFO] [APP] Application exiting
2026-02-18 14:24:58,471 [INFO] [INTEL] UPLINK STATUS: CONNECTED
2026-02-18 14:24:58,495 [INFO] [APP] Application started
2026-02-18 14:25:04,898 [INFO] [SCANNER] Search executed: JA
2026-02-18 14:25:04,899 [INFO] [SCANNER] Search initiated: JA
2026-02-18 14:25:21,377 [INFO] [LOGGER] Synchronized dossier: KIDIBULE
2026-02-18 14:25:31,468 [INFO] [INTEL] uplink initiated: jaron
2026-02-18 14:25:35,866 [INFO] [INTEL] scanning profile: jaron...
2026-02-18 14:25:59,934 [INFO] [INTEL] intercepting organization data...
2026-02-18 14:26:08,200 [INFO] [INTEL] intel acquired: jaron
2026-02-18 14:26:13,990 [INFO] [INTEL] uplink initiated: KAMPOSI
2026-02-18 14:26:14,049 [INFO] [INTEL] ORGANIZATION DATA PURGED
2026-02-18 14:26:25,542 [INFO] [INTEL] mapping complete: KAMPOSI
2026-02-18 14:26:45,062 [INFO] [DECK] CONTRACT REGISTERED: TEST | PRIO: LOW
2026-02-18 14:26:53,759 [INFO] [FINANCE] MISSION ACCOMPLISHED >> TEST | +5000 aUEC
2026-02-18 14:27:56,386 [INFO] [APP] Application exiting
2026-02-18 14:29:23,105 [INFO] [INTEL] UPLINK STATUS: CONNECTED
2026-02-18 14:29:23,134 [INFO] [APP] Application started
2026-02-18 14:30:02,032 [INFO] [APP] Application exiting
2026-02-18 14:31:49,906 [INFO] [INTEL] UPLINK STATUS: CONNECTED
2026-02-18 14:31:49,933 [INFO] [APP] Application started
2026-02-18 14:31:56,255 [INFO] [SCANNER] Search executed: JA
2026-02-18 14:31:56,255 [INFO] [SCANNER] Search initiated: JA
2026-02-18 14:32:05,897 [INFO] [LOGGER] Synchronized dossier: TEST
2026-02-18 14:32:24,929 [INFO] [APP] Application exiting
2026-02-18 14:32:28,008 [INFO] [INTEL] UPLINK STATUS: CONNECTED
2026-02-18 14:32:28,031 [INFO] [APP] Application started
2026-02-18 14:33:27,262 [INFO] [INTEL] uplink initiated: Samy_sama
2026-02-18 14:33:31,635 [INFO] [INTEL] scanning profile: Samy_sama...
2026-02-18 14:33:44,895 [INFO] [INTEL] intercepting organization data...
2026-02-18 14:33:52,758 [INFO] [INTEL] intel acquired: Samy_sama
2026-02-18 14:36:37,779 [INFO] [APP] Application exiting
2026-02-18 14:36:44,523 [INFO] [INTEL] UPLINK STATUS: CONNECTED
2026-02-18 14:36:44,553 [INFO] [APP] Application started
2026-02-18 14:36:52,003 [INFO] [SCANNER] Search executed: JA
2026-02-18 14:36:52,003 [INFO] [SCANNER] Search initiated: JA
2026-02-18 14:36:59,042 [INFO] [INTEL] uplink initiated: jaron
2026-02-18 14:37:02,866 [INFO] [INTEL] scanning profile: jaron...
2026-02-18 14:37:28,380 [INFO] [INTEL] intercepting organization data...
2026-02-18 14:37:35,370 [INFO] [INTEL] intel acquired: jaron
2026-02-18 14:38:40,476 [INFO] [INTEL] uplink initiated: KAMPOSI
2026-02-18 14:38:40,594 [INFO] [INTEL] ORGANIZATION DATA PURGED
2026-02-18 14:38:51,953 [INFO] [INTEL] mapping complete: KAMPOSI
2026-02-18 14:39:07,792 [INFO] [DECK] CONTRACT REGISTERED: TEST | PRIO: MEDIUM
2026-02-18 14:39:10,198 [INFO] [FINANCE] MISSION ACCOMPLISHED >> TEST | +5000 aUEC
2026-02-18 14:39:19,974 [INFO] [SYS] TRANSACTION PURGED FROM LOGS (ID: 6)
2026-02-18 14:39:21,149 [INFO] [SYS] TRANSACTION PURGED FROM LOGS (ID: 5)
2026-02-18 14:39:22,166 [INFO] [SYS] TRANSACTION PURGED FROM LOGS (ID: 4)
2026-02-18 14:39:33,314 [INFO] [SCANNER] Search executed: JA
2026-02-18 14:39:33,316 [INFO] [SCANNER] Search initiated: JA
2026-02-18 14:40:26,135 [INFO] [SCANNER] Search executed: JA
2026-02-18 14:40:26,136 [INFO] [SCANNER] Search initiated: JA
2026-02-18 14:41:57,120 [INFO] [APP] Application exiting
2026-02-18 14:43:10,420 [INFO] [INTEL] UPLINK STATUS: CONNECTED
2026-02-18 14:43:10,446 [INFO] [APP] Application started
2026-02-18 14:43:12,824 [INFO] [APP] Application exiting
2026-02-18 14:44:26,011 [INFO] [INTEL] UPLINK STATUS: CONNECTED
2026-02-18 14:44:26,034 [INFO] [APP] Application started
2026-02-18 14:45:36,091 [INFO] [INTEL] uplink initiated: jaron
2026-02-18 14:45:40,487 [INFO] [INTEL] scanning profile: jaron...
2026-02-18 14:45:58,382 [INFO] [INTEL] intercepting organization data...
2026-02-18 14:46:07,507 [INFO] [INTEL] intel acquired: jaron
2026-02-18 14:47:21,903 [INFO] [APP] Application exiting
2026-02-18 14:48:04,570 [INFO] [INTEL] UPLINK STATUS: CONNECTED
2026-02-18 14:48:04,592 [INFO] [APP] Application started
2026-02-18 14:48:20,472 [INFO] [INTEL] uplink initiated: jaron
2026-02-18 14:48:25,157 [INFO] [INTEL] scanning profile: jaron...
2026-02-18 14:48:30,592 [INFO] [APP] Application exiting
2026-02-18 14:48:34,485 [INFO] [INTEL] UPLINK STATUS: CONNECTED
2026-02-18 14:48:34,514 [INFO] [APP] Application started
2026-02-18 14:48:37,796 [INFO] [SCANNER] No results for: JAE
2026-02-18 14:48:44,741 [INFO] [SCANNER] No results for: JJ
2026-02-18 14:48:44,952 [INFO] [SCANNER] No results for: JJA
2026-02-18 14:48:45,274 [INFO] [SCANNER] No results for: JJAR
2026-02-18 14:48:47,636 [INFO] [SCANNER] No results for: JJA
2026-02-18 14:48:47,840 [INFO] [SCANNER] No results for: JJ
2026-02-18 14:51:34,511 [INFO] [APP] Application exiting
2026-02-18 14:51:38,413 [INFO] [INTEL] UPLINK STATUS: CONNECTED
2026-02-18 14:51:38,432 [INFO] [APP] Application started
2026-02-18 14:52:11,107 [INFO] [DECK] CONTRACT REGISTERED: TEST | PRIO: HIGH
2026-02-18 14:52:13,333 [INFO] [FINANCE] MISSION ACCOMPLISHED >> TEST | +5000 aUEC
2026-02-18 14:52:21,640 [INFO] [INTEL] uplink initiated: jaron
2026-02-18 14:52:26,539 [INFO] [INTEL] scanning profile: jaron...
2026-02-18 14:52:44,615 [INFO] [INTEL] intercepting organization data...
2026-02-18 14:52:52,000 [INFO] [INTEL] intel acquired: jaron
2026-02-18 14:53:01,499 [INFO] [INTEL] uplink initiated: KAMPOSI
2026-02-18 14:53:01,577 [INFO] [INTEL] ORGANIZATION DATA PURGED
2026-02-18 14:53:13,195 [INFO] [INTEL] mapping complete: KAMPOSI
2026-02-18 14:55:17,826 [INFO] [APP] Application exiting
2026-02-18 14:55:34,422 [INFO] [INTEL] UPLINK STATUS: CONNECTED
2026-02-18 14:55:34,451 [INFO] [APP] Application started
2026-02-18 14:56:20,615 [INFO] [APP] Application exiting
2026-02-18 14:56:25,793 [INFO] [INTEL] UPLINK STATUS: CONNECTED
2026-02-18 14:56:25,825 [INFO] [APP] Application started
2026-02-18 14:57:58,529 [INFO] [APP] Application exiting
2026-02-18 14:58:03,294 [INFO] [INTEL] UPLINK STATUS: CONNECTED
2026-02-18 14:58:03,339 [INFO] [APP] Application started
2026-02-18 15:00:37,162 [INFO] [APP] Application exiting
2026-02-18 15:00:38,633 [INFO] [INTEL] UPLINK STATUS: CONNECTED
2026-02-18 15:00:38,650 [INFO] [APP] Application started
2026-02-18 15:01:05,311 [INFO] [APP] Application exiting
2026-02-18 15:01:09,102 [INFO] [INTEL] UPLINK STATUS: CONNECTED
2026-02-18 15:01:09,138 [INFO] [APP] Application started
2026-02-18 15:01:31,854 [INFO] [APP] Application exiting
2026-02-18 15:01:52,350 [INFO] [INTEL] UPLINK STATUS: CONNECTED
2026-02-18 15:01:52,397 [INFO] [APP] Application started
2026-02-18 15:02:12,967 [INFO] [APP] Application exiting
2026-02-18 15:02:18,292 [INFO] [INTEL] UPLINK STATUS: CONNECTED
2026-02-18 15:02:18,315 [INFO] [APP] Application started
2026-02-18 15:03:32,030 [INFO] [APP] Application exiting
2026-02-18 15:03:39,555 [INFO] [INTEL] UPLINK STATUS: CONNECTED
2026-02-18 15:03:39,583 [INFO] [APP] Application started
2026-02-18 15:04:36,791 [INFO] [APP] Application exiting
2026-02-18 15:04:42,714 [INFO] [INTEL] UPLINK STATUS: CONNECTED
2026-02-18 15:04:42,738 [INFO] [APP] Application started
2026-02-18 15:04:47,246 [INFO] [APP] Application exiting
2026-02-18 15:07:52,426 [INFO] [INTEL] UPLINK STATUS: CONNECTED
2026-02-18 15:07:52,447 [INFO] [APP] Application started
2026-02-18 15:13:29,987 [INFO] [APP] Application exiting
2026-02-18 15:13:32,376 [INFO] [INTEL] UPLINK STATUS: CONNECTED
2026-02-18 15:13:32,398 [INFO] [APP] Application started
2026-02-18 15:13:40,894 [INFO] [APP] Application exiting
2026-02-18 15:13:42,626 [INFO] [INTEL] UPLINK STATUS: CONNECTED
2026-02-18 15:13:42,644 [INFO] [APP] Application started
2026-02-18 15:13:44,581 [INFO] [APP] Application exiting
2026-02-18 15:17:15,890 [INFO] [INTEL] UPLINK STATUS: CONNECTED
2026-02-18 15:17:15,914 [INFO] [APP] Application started
2026-02-18 15:20:48,169 [INFO] [APP] Application exiting
2026-02-18 15:20:50,328 [INFO] [INTEL] UPLINK STATUS: CONNECTED
2026-02-18 15:20:50,353 [INFO] [APP] Application started
2026-02-18 15:21:40,182 [INFO] [APP] Application exiting
2026-02-18 15:21:42,247 [INFO] [INTEL] UPLINK STATUS: CONNECTED
2026-02-18 15:21:42,265 [INFO] [APP] Application started
2026-02-18 15:25:55,136 [INFO] [INTEL] uplink initiated: kamposi
2026-02-18 15:25:59,051 [INFO] [INTEL] ORGANIZATION DATA PURGED
2026-02-18 15:26:18,840 [INFO] [INTEL] mapping complete: KAMPOSI
2026-02-18 15:31:32,535 [INFO] [INTEL] uplink initiated: gpalaco
2026-02-18 15:31:32,589 [INFO] [INTEL] scanning profile: gpalaco...
2026-02-18 15:31:41,559 [INFO] [INTEL] intercepting organization data...
2026-02-18 15:31:48,313 [INFO] [INTEL] intel acquired: gpalaco
2026-02-18 15:37:48,555 [INFO] [APP] Application exiting
2026-02-18 15:38:03,757 [INFO] [INTEL] UPLINK STATUS: CONNECTED
2026-02-18 15:38:03,774 [INFO] [APP] Application started
2026-02-18 15:59:38,014 [INFO] [APP] Application exiting
2026-02-18 16:03:21,856 [INFO] [INTEL] UPLINK STATUS: CONNECTED
2026-02-18 16:03:21,883 [INFO] [APP] Application started
2026-02-18 16:03:40,338 [INFO] [APP] Application exiting
2026-02-18 16:07:13,834 [INFO] [INTEL] UPLINK STATUS: CONNECTED
2026-02-18 16:07:13,863 [INFO] [APP] Application started
2026-02-18 16:10:35,282 [INFO] [APP] Application exiting
2026-02-18 16:10:38,319 [INFO] [INTEL] UPLINK STATUS: CONNECTED
2026-02-18 16:10:38,347 [INFO] [APP] Application started
2026-02-18 16:10:41,594 [INFO] [SCANNER] No results for: JARI
2026-02-18 16:10:41,699 [INFO] [SCANNER] No results for: JARIN
2026-02-18 16:10:42,376 [INFO] [SCANNER] No results for: JARIN-
2026-02-18 16:10:42,541 [INFO] [SCANNER] No results for: JARIN--
2026-02-18 16:10:43,193 [INFO] [SCANNER] No results for: JARIN-
2026-02-18 16:10:43,368 [INFO] [SCANNER] No results for: JARIN
2026-02-18 16:10:43,713 [INFO] [SCANNER] No results for: JARI
2026-02-18 16:10:54,810 [INFO] [APP] Application exiting
2026-02-18 16:11:00,881 [INFO] [INTEL] UPLINK STATUS: CONNECTED
2026-02-18 16:11:00,910 [INFO] [APP] Application started
2026-02-18 16:11:03,485 [INFO] [SCANNER] No results for: JARI
2026-02-18 16:11:03,644 [INFO] [SCANNER] No results for: JARIN
2026-02-18 16:11:03,930 [INFO] [SCANNER] No results for: JARI
2026-02-18 16:17:03,811 [INFO] [APP] Application exiting
2026-02-18 16:17:28,588 [INFO] [INTEL] UPLINK STATUS: CONNECTED
2026-02-18 16:17:28,612 [INFO] [APP] Application started
2026-02-18 16:17:32,432 [INFO] [SCANNER] No results for: JAROB
2026-02-18 16:18:02,057 [INFO] [APP] Application exiting
2026-02-18 16:18:04,662 [INFO] [INTEL] UPLINK STATUS: CONNECTED
2026-02-18 17:46:47,902 [INFO] [INTEL] UPLINK STATUS: CONNECTED
2026-02-18 17:46:47,919 [INFO] [APP] Application started
2026-02-18 17:48:06,593 [INFO] [INTEL] uplink initiated: LeSingraal
2026-02-18 17:48:11,131 [INFO] [INTEL] scanning profile: LeSingraal...
2026-02-18 17:48:17,457 [INFO] [INTEL] intercepting organization data...
2026-02-18 17:48:24,031 [INFO] [INTEL] intel acquired: LeSingraal
2026-02-18 17:48:33,892 [INFO] [INTEL] uplink initiated: LPN
2026-02-18 17:48:33,916 [INFO] [INTEL] ORGANIZATION DATA PURGED
2026-02-18 17:48:43,174 [INFO] [INTEL] mapping complete: LPN
2026-02-18 17:49:22,204 [INFO] [INTEL] dossier archived in database
2026-02-18 17:49:50,044 [INFO] [INTEL] uplink initiated: Lebretonfou
2026-02-18 17:49:50,130 [INFO] [INTEL] scanning profile: Lebretonfou...
2026-02-18 17:49:55,591 [INFO] [INTEL] intercepting organization data...
2026-02-18 17:50:01,942 [INFO] [INTEL] intel acquired: Lebretonfou
2026-02-18 17:51:28,935 [INFO] [DECK] CONTRACT REGISTERED: LESINGRAAL | PRIO: MEDIUM
2026-02-18 17:52:00,875 [INFO] [FINANCE] MISSION ACCOMPLISHED >> LESINGRAAL | +1000000 aUEC
2026-02-18 18:15:11,056 [INFO] [APP] Application exiting
2026-02-18 18:15:19,126 [INFO] [INTEL] UPLINK STATUS: CONNECTED
2026-02-18 18:15:19,143 [INFO] [APP] Application started
2026-02-18 18:15:47,896 [INFO] [FINANCE] MISSION ACCOMPLISHED >> KIDIBULE | +500 aUEC
2026-02-18 18:15:48,690 [INFO] [SYS] TRANSACTION PURGED FROM LOGS (ID: 2)
2026-02-18 18:15:48,851 [INFO] [SYS] TRANSACTION PURGED FROM LOGS (ID: 1)
2026-02-18 18:17:09,759 [INFO] [DECK] CONTRACT REGISTERED: JARON | PRIO: MEDIUM
2026-02-18 18:18:38,442 [INFO] [DECK] CONTRACT REGISTERED: LESINGRAAL | PRIO: CRITICAL
2026-02-18 18:19:15,877 [INFO] [SCANNER] No results for: LESO
2026-02-18 18:19:16,149 [INFO] [SCANNER] No results for: LESON
2026-02-18 18:19:16,749 [INFO] [SCANNER] No results for: LESO
2026-02-18 18:20:12,276 [INFO] [APP] Application exiting
2026-02-18 18:20:37,331 [INFO] [INTEL] UPLINK STATUS: CONNECTED
2026-02-18 18:20:37,349 [INFO] [APP] Application started
2026-02-18 18:22:39,547 [INFO] [INTEL] UPLINK STATUS: CONNECTED
2026-02-18 18:22:39,564 [INFO] [APP] Application started
2026-02-18 18:22:45,373 [INFO] [SCANNER] No results for: LESO
2026-02-18 18:22:47,309 [INFO] [SCANNER] No results for: LESI,N
2026-02-18 18:22:47,333 [INFO] [SCANNER] No results for: LESI,N
2026-02-18 18:22:47,845 [INFO] [SCANNER] No results for: LESI,
2026-02-18 18:22:49,461 [INFO] [SCANNER] No results for: LESINF
2026-02-18 18:22:56,983 [INFO] [APP] Application exiting
2026-02-18 18:23:54,595 [INFO] [INTEL] UPLINK STATUS: CONNECTED
2026-02-18 18:23:54,613 [INFO] [APP] Application started
2026-02-18 18:24:28,180 [INFO] [APP] Application exiting
2026-02-18 18:24:30,048 [INFO] [INTEL] UPLINK STATUS: CONNECTED
2026-02-18 18:24:30,065 [INFO] [APP] Application started
2026-02-18 18:25:14,785 [INFO] [INTEL] UPLINK STATUS: CONNECTED
2026-02-18 18:25:14,801 [INFO] [APP] Application started
2026-02-18 18:25:18,128 [INFO] [APP] Application exiting
2026-02-18 18:26:18,910 [INFO] [INTEL] UPLINK STATUS: CONNECTED
2026-02-18 18:26:18,926 [INFO] [APP] Application started
2026-02-18 18:26:27,132 [INFO] [SCANNER] Found 1 contracts for jaron
2026-02-18 18:26:34,675 [INFO] [APP] Application exiting
2026-02-18 18:28:34,026 [INFO] [INTEL] UPLINK STATUS: CONNECTED
2026-02-18 18:28:34,044 [INFO] [APP] Application started
2026-02-18 18:28:38,639 [INFO] [SCANNER] Found 1 contracts for LeSingraal
2026-02-18 18:32:03,984 [INFO] [APP] Application exiting
2026-02-18 18:32:08,238 [INFO] [INTEL] UPLINK STATUS: CONNECTED
2026-02-18 18:32:08,254 [INFO] [APP] Application started
2026-02-18 18:33:58,877 [INFO] [SCANNER] No results for: LE SI
2026-02-18 18:33:59,077 [INFO] [SCANNER] No results for: LE SIN
2026-02-18 18:33:59,613 [INFO] [SCANNER] No results for: LE SI
2026-02-18 18:34:03,757 [INFO] [SCANNER] No results for: LZ
2026-02-18 18:34:20,695 [INFO] [SCANNER] Found 1 contracts for LESINGRAAL
2026-02-18 18:35:46,092 [INFO] [FINANCE] MISSION ACCOMPLISHED >> JARON | +1000000 aUEC
2026-02-18 18:36:54,351 [INFO] [INTEL] uplink initiated: gpalaco
2026-02-18 18:36:57,884 [INFO] [INTEL] scanning profile: gpalaco...
2026-02-18 18:37:30,947 [INFO] [INTEL] intercepting organization data...
2026-02-18 18:37:37,330 [INFO] [INTEL] intel acquired: gpalaco
2026-02-18 18:38:23,764 [INFO] [INTEL] uplink initiated: Samy_sama
2026-02-18 18:38:23,786 [INFO] [INTEL] scanning profile: Samy_sama...
2026-02-18 18:38:31,736 [INFO] [INTEL] intercepting organization data...
2026-02-18 18:38:40,028 [INFO] [INTEL] intel acquired: Samy_sama
2026-02-18 18:41:26,910 [INFO] [INTEL] uplink initiated: LPN
2026-02-18 18:41:26,921 [INFO] [INTEL] ORGANIZATION DATA PURGED
2026-02-18 18:41:37,886 [INFO] [INTEL] mapping complete: LPN
2026-02-18 18:41:50,074 [INFO] [INTEL] dossier archived in database
2026-02-18 18:43:03,697 [INFO] [INTEL] uplink initiated: Specrte
2026-02-18 18:43:03,730 [INFO] [INTEL] scanning profile: Specrte...
2026-02-18 18:43:09,394 [INFO] [INTEL] intercepting organization data...
2026-02-18 18:43:15,901 [INFO] [INTEL] intel acquired: Specrte
2026-02-18 18:43:18,277 [INFO] [INTEL] dossier archived in database
2026-02-18 19:14:44,239 [INFO] [INTEL] UPLINK STATUS: CONNECTED
2026-02-18 19:14:44,256 [INFO] [APP] Application started
2026-02-18 19:14:55,998 [INFO] [SCANNER] No results for: JL
2026-02-18 19:14:58,158 [INFO] [SCANNER] No results for: LEC
2026-02-18 19:15:41,515 [INFO] [DECK] CONTRACT REGISTERED: LESINGRAAL | PRIO: MEDIUM
2026-02-18 19:15:51,475 [INFO] [DECK] CONTRACT REGISTERED: JARON | PRIO: MEDIUM
2026-02-18 19:16:15,454 [INFO] [SCANNER] No results for: AJ
2026-02-18 19:16:15,558 [INFO] [SCANNER] No results for: AJ
2026-02-18 19:16:27,496 [INFO] [FINANCE] MISSION ACCOMPLISHED >> JARON | + aUEC
2026-02-18 19:16:27,852 [INFO] [FINANCE] MISSION ACCOMPLISHED >> LESINGRAAL | + aUEC
2026-02-18 19:16:28,151 [INFO] [FINANCE] MISSION ACCOMPLISHED >> LESINGRAAL | +500 aUEC
2026-02-18 19:25:21,175 [INFO] [APP] Application exiting
2026-02-18 19:47:57,140 [INFO] [INTEL] UPLINK STATUS: CONNECTED
2026-02-18 19:48:27,484 [INFO] [DECK] CONTRACT REGISTERED: JARON | PRIO: MEDIUM
2026-02-18 19:48:38,698 [INFO] [FINANCE] MISSION ACCOMPLISHED >> JARON | + aUEC
2026-02-18 19:49:04,935 [INFO] [INTEL] uplink initiated: overkine
2026-02-18 19:49:08,082 [INFO] [INTEL] scanning profile: overkine...
2026-02-18 19:49:13,792 [INFO] [INTEL] intercepting organization data...
2026-02-18 19:49:20,262 [INFO] [INTEL] intel acquired: overkine
2026-02-18 19:49:34,599 [INFO] [INTEL] uplink initiated: KAMPOSI
2026-02-18 19:49:34,635 [INFO] [INTEL] ORGANIZATION DATA PURGED
2026-02-18 19:49:43,869 [INFO] [INTEL] mapping complete: KAMPOSI
2026-02-18 19:49:55,278 [INFO] [INTEL] dossier archived in database
2026-02-18 19:50:08,070 [INFO] [INTEL] uplink initiated: RyBeN187
2026-02-18 19:50:08,110 [INFO] [INTEL] scanning profile: RyBeN187...
2026-02-18 19:50:09,495 [INFO] [INTEL] uplink initiated: RyBeN187
2026-02-18 19:50:09,509 [INFO] [INTEL] scanning profile: RyBeN187...
2026-02-18 19:50:13,530 [INFO] [INTEL] intercepting organization data...
2026-02-18 19:50:15,123 [INFO] [INTEL] intercepting organization data...
2026-02-18 19:50:19,889 [INFO] [INTEL] intel acquired: RyBeN187
2026-02-18 19:50:20,894 [INFO] [INTEL] intel acquired: RyBeN187
2026-02-18 19:50:44,984 [INFO] [INTEL] uplink initiated: RyBeN187
2026-02-18 19:50:45,003 [INFO] [INTEL] scanning profile: RyBeN187...
2026-02-18 19:50:49,921 [INFO] [INTEL] intercepting organization data...
2026-02-18 19:50:55,838 [INFO] [INTEL] intel acquired: RyBeN187
2026-02-18 19:50:57,454 [INFO] [INTEL] dossier archived in database
2026-02-18 19:52:59,073 [INFO] [INTEL] UPLINK STATUS: CONNECTED
2026-02-18 19:53:19,682 [INFO] [DECK] CONTRACT REGISTERED: LESINGRAAL | PRIO: LOW
2026-02-18 19:53:46,960 [INFO] [DECK] CONTRACT REGISTERED: JARON | PRIO: MEDIUM
2026-02-18 19:53:49,729 [INFO] [FINANCE] MISSION ACCOMPLISHED >> JARON | +1000000 aUEC
2026-02-18 19:55:23,236 [INFO] [INTEL] UPLINK STATUS: CONNECTED
2026-02-18 20:04:24,189 [INFO] [INTEL] UPLINK STATUS: CONNECTED
2026-02-18 20:34:31,814 [INFO] [INTEL] UPLINK STATUS: CONNECTED
2026-02-18 20:39:14,710 [INFO] [INTEL] uplink initiated: jaron
2026-02-18 20:39:17,997 [INFO] [INTEL] scanning profile: jaron...
2026-02-18 20:39:24,135 [INFO] [INTEL] intercepting organization data...
2026-02-18 20:39:30,802 [INFO] [INTEL] intel acquired: jaron
2026-02-18 21:05:32,141 [INFO] [INTEL] UPLINK STATUS: CONNECTED
2026-02-18 21:05:36,544 [INFO] [SCANNER] No results for: SC
2026-02-18 21:05:37,496 [INFO] [SCANNER] No results for: SCA
2026-02-18 21:05:37,831 [INFO] [SCANNER] No results for: SCAN
2026-02-18 21:05:38,040 [INFO] [SCANNER] No results for: SCANN
2026-02-18 21:05:38,191 [INFO] [SCANNER] No results for: SCANNE
2026-02-18 21:05:38,455 [INFO] [SCANNER] No results for: SCANNER
2026-02-18 21:05:42,072 [INFO] [SCANNER] No results for: SCANNE
2026-02-18 21:05:42,271 [INFO] [SCANNER] No results for: SCANN
2026-02-18 21:05:42,439 [INFO] [SCANNER] No results for: SCAN
2026-02-18 21:05:42,615 [INFO] [SCANNER] No results for: SCA
2026-02-18 21:05:42,783 [INFO] [SCANNER] No results for: SC
2026-02-18 21:05:52,267 [INFO] [INTEL] UPLINK STATUS: CONNECTED
2026-02-18 21:05:58,303 [INFO] [SCANNER] No results for: JARO,
2026-02-18 21:05:59,712 [INFO] [SCANNER] No results for: JARO,
2026-02-18 21:06:33,323 [INFO] [SCANNER] Found 2 contracts for JARON
2026-02-18 21:09:42,745 [INFO] [INTEL] UPLINK STATUS: CONNECTED
2026-02-18 21:09:48,691 [INFO] [SCANNER] Found 2 contracts for JARON
2026-02-18 21:18:04,001 [INFO] [INTEL] UPLINK STATUS: CONNECTED
2026-02-18 21:38:39,300 [INFO] [INTEL] UPLINK STATUS: CONNECTED
2026-02-18 21:45:44,387 [INFO] [INTEL] uplink initiated: jaron
2026-02-18 21:45:50,976 [INFO] [INTEL] scanning profile: jaron...
2026-02-18 21:46:22,918 [INFO] [INTEL] intercepting organization data...
2026-02-18 21:46:32,676 [INFO] [INTEL] intel acquired: jaron
2026-02-18 21:48:11,766 [INFO] [INTEL] dossier archived in database
2026-02-18 22:32:00,448 [INFO] [INTEL] UPLINK STATUS: CONNECTED
2026-02-18 22:38:50,434 [INFO] [INTEL] UPLINK STATUS: CONNECTED
2026-02-18 22:38:58,050 [INFO] [INTEL] uplink initiated: jaron
2026-02-18 22:39:02,061 [INFO] [INTEL] scanning profile: jaron...
2026-02-18 22:39:17,584 [INFO] [INTEL] intercepting organization data...
2026-02-18 22:39:26,176 [INFO] [INTEL] intel acquired: jaron
2026-02-18 22:40:49,857 [INFO] [INTEL] UPLINK STATUS: CONNECTED
2026-02-18 22:40:53,577 [INFO] [SCANNER] No results for: JARI
2026-02-18 22:40:53,873 [INFO] [SCANNER] No results for: JARIN
2026-02-18 22:40:56,745 [INFO] [SCANNER] No results for: JARI
2026-02-18 22:41:31,515 [INFO] [INTEL] uplink initiated: Samy_Sama
2026-02-18 22:41:34,542 [INFO] [INTEL] scanning profile: Samy_Sama...
2026-02-18 22:41:56,771 [INFO] [INTEL] intercepting organization data...
2026-02-18 22:42:05,219 [INFO] [INTEL] intel acquired: Samy_Sama
2026-02-18 22:42:24,311 [INFO] [INTEL] dossier archived in database: SAMY_SAMA
2026-02-18 22:48:01,492 [INFO] [INTEL] UPLINK STATUS: CONNECTED
2026-02-18 22:48:08,388 [INFO] [INTEL] uplink initiated: jaron
2026-02-18 22:48:11,397 [INFO] [INTEL] scanning profile: jaron...
2026-02-18 22:48:42,417 [INFO] [INTEL] intercepting organization data...
2026-02-18 22:48:50,789 [INFO] [INTEL] intel acquired: jaron
2026-02-18 22:49:38,376 [INFO] [INTEL] dossier archived in database: JARON
2026-02-18 22:49:42,510 [INFO] [INTEL] uplink initiated: jaron
2026-02-18 22:49:42,536 [INFO] [INTEL] scanning profile: jaron...
2026-02-18 22:49:47,573 [INFO] [INTEL] intercepting organization data...
2026-02-18 22:49:54,632 [INFO] [INTEL] intel acquired: jaron
2026-02-18 22:50:51,810 [INFO] [INTEL] dossier archived in database: JARON
2026-02-18 22:55:00,683 [INFO] [INTEL] UPLINK STATUS: CONNECTED
2026-02-18 22:55:06,685 [INFO] [INTEL] uplink initiated: jaron
2026-02-18 22:55:10,295 [INFO] [INTEL] scanning profile: jaron...
2026-02-18 22:55:31,995 [INFO] [INTEL] intercepting organization data...
2026-02-18 22:55:39,348 [INFO] [INTEL] intel acquired: jaron
2026-02-18 22:57:42,360 [INFO] [LOGGER] Cleared logger UI fields
2026-02-18 22:58:40,499 [INFO] [INTEL] UPLINK STATUS: CONNECTED
2026-02-18 23:02:46,254 [INFO] [INTEL] UPLINK STATUS: CONNECTED
2026-02-18 23:06:25,131 [INFO] [INTEL] UPLINK STATUS: CONNECTED
2026-02-18 23:08:53,646 [INFO] [INTEL] uplink initiated: Samy_sama
2026-02-18 23:08:56,788 [INFO] [INTEL] scanning profile: Samy_sama...
2026-02-18 23:09:17,132 [INFO] [INTEL] intercepting organization data...
2026-02-18 23:09:24,120 [INFO] [INTEL] intel acquired: Samy_sama
2026-02-18 23:10:03,373 [INFO] [INTEL] dossier archived in database: SAMY_SAMA
2026-02-18 23:11:41,767 [INFO] [INTEL] UPLINK STATUS: CONNECTED
2026-02-18 23:13:03,577 [INFO] [INTEL] UPLINK STATUS: CONNECTED
2026-02-18 23:16:08,026 [INFO] [INTEL] UPLINK STATUS: CONNECTED
2026-02-18 23:17:53,945 [INFO] [INTEL] UPLINK STATUS: CONNECTED
2026-02-18 23:17:58,185 [INFO] [SCANNER] No results for: SAL
2026-02-18 23:18:31,271 [INFO] [INTEL] UPLINK STATUS: CONNECTED
2026-02-18 23:19:19,585 [INFO] [INTEL] UPLINK STATUS: CONNECTED
2026-02-18 23:22:50,383 [INFO] [INTEL] UPLINK STATUS: CONNECTED
2026-02-18 23:23:40,219 [INFO] [INTEL] UPLINK STATUS: CONNECTED
2026-02-18 23:23:57,722 [INFO] [INTEL] UPLINK STATUS: CONNECTED
2026-02-18 23:29:16,652 [INFO] [INTEL] UPLINK STATUS: CONNECTED
2026-02-18 23:31:35,294 [INFO] [INTEL] UPLINK STATUS: CONNECTED
2026-02-18 23:32:50,886 [INFO] [INTEL] UPLINK STATUS: CONNECTED
2026-02-18 23:35:52,009 [INFO] [INTEL] UPLINK STATUS: CONNECTED
2026-02-18 23:37:05,550 [INFO] [INTEL] UPLINK STATUS: CONNECTED
2026-02-18 23:37:17,257 [INFO] [INTEL] uplink initiated: jaron
2026-02-18 23:37:23,366 [INFO] [INTEL] scanning profile: jaron...
2026-02-18 23:37:30,059 [INFO] [INTEL] intercepting organization data...
2026-02-18 23:37:36,689 [INFO] [INTEL] intel acquired: jaron
2026-02-18 23:37:39,706 [INFO] [INTEL] dossier archived in database: JARON
2026-02-18 23:38:40,465 [INFO] [INTEL] UPLINK STATUS: CONNECTED
2026-02-18 23:39:11,376 [INFO] [DECK] CONTRACT REGISTERED: JARON | PRIO: MEDIUM
2026-02-18 23:39:42,098 [INFO] [DECK] CONTRACT REGISTERED: LESINGRAAL | PRIO: CRITICAL
2026-02-18 23:39:51,297 [INFO] [FINANCE] MISSION ACCOMPLISHED >> JARON | + aUEC
2026-02-19 08:48:37,643 [INFO] [INTEL] UPLINK STATUS: CONNECTED
2026-02-19 08:48:49,339 [INFO] [SYS] TRANSACTION PURGED FROM LOGS (ID: 7)
2026-02-19 08:49:08,910 [INFO] [INTEL] UPLINK STATUS: CONNECTED
2026-02-19 08:49:16,603 [INFO] [INTEL] uplink initiated: jaron
2026-02-19 08:49:25,995 [INFO] [INTEL] scanning profile: jaron...
2026-02-19 08:49:32,223 [INFO] [INTEL] intercepting organization data...
2026-02-19 08:49:39,043 [INFO] [INTEL] intel acquired: jaron
2026-02-19 08:50:51,735 [INFO] [INTEL] dossier archived in database: JARON
2026-02-19 08:51:05,172 [INFO] [INTEL] uplink initiated: Samy_sama
2026-02-19 08:51:05,225 [INFO] [INTEL] scanning profile: Samy_sama...
2026-02-19 08:51:10,838 [INFO] [INTEL] intercepting organization data...
2026-02-19 08:51:17,390 [INFO] [INTEL] intel acquired: Samy_sama
2026-02-19 08:51:31,321 [INFO] [INTEL] dossier archived in database: SAMY_SAMA
2026-02-19 09:01:19,475 [INFO] [SYS_CFG] NEW CONTRACT TYPE REGISTERED: ASSASINAT (1000000 aUEC)
2026-02-19 09:01:39,264 [INFO] [SYS_CFG] NEW CONTRACT TYPE REGISTERED: ESCORT (50000 aUEC)
2026-02-19 09:08:21,438 [INFO] [DECK] CONTRACT REGISTERED: JARON | PRIO: LOW
2026-02-19 09:08:42,520 [INFO] [DECK] CONTRACT REGISTERED: SAMY_SAMA | PRIO: CRITICAL
2026-02-19 09:19:32,411 [INFO] [INTEL] UPLINK STATUS: CONNECTED
2026-02-19 09:20:08,644 [INFO] [INTEL] uplink initiated: jaron
2026-02-19 09:20:15,852 [INFO] [INTEL] scanning profile: jaron...
2026-02-19 09:20:22,551 [INFO] [INTEL] intercepting organization data...
2026-02-19 09:20:29,279 [INFO] [INTEL] intel acquired: jaron
2026-02-19 09:20:41,843 [INFO] [INTEL] uplink initiated: KAMPOSI
2026-02-19 09:20:41,970 [INFO] [INTEL] ORGANIZATION DATA PURGED
2026-02-19 09:20:52,888 [INFO] [INTEL] mapping complete: KAMPOSI
2026-02-19 09:21:00,377 [INFO] [INTEL] uplink initiated: thedoctors
2026-02-19 09:21:00,576 [INFO] [INTEL] scanning profile: thedoctors...
2026-02-19 09:21:06,345 [INFO] [INTEL] intercepting organization data...
2026-02-19 09:21:13,166 [INFO] [INTEL] intel acquired: thedoctors
2026-02-19 09:21:28,350 [INFO] [INTEL] dossier archived in database: THEDOCTORS
2026-02-19 09:21:31,400 [INFO] [SCANNER] No results for: JAT
2026-02-19 09:21:31,565 [INFO] [SCANNER] No results for: JATO
2026-02-19 09:21:31,938 [INFO] [SCANNER] No results for: JAT
2026-02-19 09:21:52,424 [INFO] [FINANCE] MISSION ACCOMPLISHED >> SAMY_SAMA | +50.000 aUEC
2026-02-19 09:30:58,654 [INFO] [INTEL] UPLINK STATUS: CONNECTED
2026-02-19 09:31:27,086 [INFO] [INTEL] UPLINK STATUS: CONNECTED
2026-02-19 09:35:16,299 [INFO] [INTEL] UPLINK STATUS: CONNECTED
2026-02-19 09:35:29,030 [INFO] [INTEL] UPLINK STATUS: CONNECTED
2026-02-19 09:39:56,854 [INFO] [INTEL] UPLINK STATUS: CONNECTED
2026-02-19 09:40:03,998 [INFO] [FINANCE] MISSION ACCOMPLISHED >> JARON | +1.000.000 aUEC
2026-02-19 09:45:50,308 [INFO] [INTEL] UPLINK STATUS: CONNECTED
2026-02-19 09:46:10,103 [INFO] [INTEL] uplink initiated: keldriss
2026-02-19 09:46:16,660 [INFO] [INTEL] scanning profile: keldriss...
2026-02-19 09:46:24,046 [INFO] [INTEL] intercepting organization data...
2026-02-19 09:46:31,672 [INFO] [INTEL] intel acquired: keldriss
2026-02-19 09:46:38,210 [INFO] [INTEL] dossier archived in database: KELDRISS
2026-02-19 09:47:51,918 [INFO] [INTEL] UPLINK STATUS: CONNECTED
2026-02-19 09:49:33,939 [INFO] [INTEL] UPLINK STATUS: CONNECTED
2026-02-19 09:50:01,243 [INFO] [INTEL] UPLINK STATUS: CONNECTED
2026-02-19 09:56:47,576 [INFO] [INTEL] UPLINK STATUS: CONNECTED
2026-02-19 09:57:21,794 [INFO] [DECK] CONTRACT REGISTERED: JARON | PRIO: MEDIUM
2026-02-19 10:02:49,893 [INFO] [INTEL] UPLINK STATUS: CONNECTED
2026-02-19 10:11:14,734 [INFO] [INTEL] UPLINK STATUS: CONNECTED
2026-02-19 10:12:56,554 [INFO] [INTEL] UPLINK STATUS: CONNECTED
2026-02-19 10:15:09,979 [INFO] [INTEL] UPLINK STATUS: CONNECTED
2026-02-19 10:18:18,073 [INFO] [INTEL] UPLINK STATUS: CONNECTED
2026-02-19 10:21:04,065 [INFO] [INTEL] UPLINK STATUS: CONNECTED
2026-02-19 10:24:29,234 [INFO] [INTEL] UPLINK STATUS: CONNECTED
2026-02-19 10:26:42,547 [INFO] [INTEL] UPLINK STATUS: CONNECTED
2026-02-19 10:30:52,032 [INFO] [INTEL] UPLINK STATUS: CONNECTED
2026-02-19 10:32:29,141 [INFO] [INTEL] UPLINK STATUS: CONNECTED
2026-02-19 10:42:08,251 [INFO] [INTEL] UPLINK STATUS: CONNECTED
2026-02-19 10:42:22,038 [INFO] [DECK] CONTRACT REGISTERED: JARON | PRIO: MEDIUM
2026-02-19 10:43:21,876 [INFO] [INTEL] UPLINK STATUS: CONNECTED
2026-02-19 10:43:58,945 [INFO] [INTEL] UPLINK STATUS: CONNECTED
2026-02-19 10:46:49,359 [INFO] [INTEL] UPLINK STATUS: CONNECTED
2026-02-19 10:53:19,261 [INFO] [INTEL] UPLINK STATUS: CONNECTED
2026-02-19 11:01:14,040 [INFO] [INTEL] UPLINK STATUS: CONNECTED
2026-02-19 11:02:46,656 [INFO] [INTEL] UPLINK STATUS: CONNECTED
2026-02-19 11:04:05,554 [INFO] [INTEL] UPLINK STATUS: CONNECTED
2026-02-19 11:04:32,688 [INFO] [DECK] CONTRACT REGISTERED: JARON | PRIO: MEDIUM
2026-02-19 11:19:25,410 [INFO] [INTEL] UPLINK STATUS: CONNECTED
2026-02-19 11:22:47,603 [INFO] [INTEL] UPLINK STATUS: CONNECTED
2026-02-19 11:22:58,416 [INFO] [DECK] CONTRACT REGISTERED: JARON | PRIO: MEDIUM
2026-02-19 11:32:23,116 [INFO] [INTEL] UPLINK STATUS: CONNECTED
[DEBUG] KeyRelease: j, entry=j
[DEBUG] Suggestions: []
[DEBUG] Show popup with items: ['(aucune suggestion)']
[DEBUG] KeyRelease: a, entry=ja
[DEBUG] Suggestions: ['JARON']
[DEBUG] Show popup with items: ['JARON']
[DEBUG] KeyRelease: r, entry=jar
[DEBUG] Suggestions: ['JARON']
[DEBUG] Show popup with items: ['JARON']
[DEBUG] KeyRelease: o, entry=jaro
[DEBUG] Suggestions: ['JARON']
[DEBUG] Show popup with items: ['JARON']
[DEBUG] KeyRelease: comma, entry=jaro,
[DEBUG] Suggestions: []
[DEBUG] Show popup with items: ['(aucune suggestion)']
[DEBUG] KeyRelease: BackSpace, entry=jaro
[DEBUG] Suggestions: ['JARON']
[DEBUG] Show popup with items: ['JARON']
[DEBUG] KeyRelease: n, entry=jaron
[DEBUG] Suggestions: ['JARON']
[DEBUG] Show popup with items: ['JARON']
[DEBUG] KeyRelease: s, entry=s
[DEBUG] Suggestions: []
[DEBUG] Show popup with items: ['(aucune suggestion)']
[DEBUG] KeyRelease: a, entry=sa
[DEBUG] Suggestions: ['SAMY_SAMA']
[DEBUG] Show popup with items: ['SAMY_SAMA']
[DEBUG] KeyRelease: m, entry=sam
[DEBUG] Suggestions: ['SAMY_SAMA']
[DEBUG] Show popup with items: ['SAMY_SAMA']
2026-02-19 11:39:17,308 [INFO] [INTEL] UPLINK STATUS: CONNECTED
2026-02-19 11:42:29,165 [INFO] [INTEL] UPLINK STATUS: CONNECTED
2026-02-19 11:42:42,553 [INFO] [INTEL] UPLINK STATUS: CONNECTED
2026-02-19 11:46:16,507 [INFO] [INTEL] UPLINK STATUS: CONNECTED
2026-02-19 11:47:20,025 [INFO] [INTEL] UPLINK STATUS: CONNECTED
2026-02-19 11:49:00,061 [INFO] [INTEL] UPLINK STATUS: CONNECTED
2026-02-19 11:51:38,699 [INFO] [INTEL] UPLINK STATUS: CONNECTED
2026-02-19 11:56:44,274 [INFO] [INTEL] UPLINK STATUS: CONNECTED
2026-02-19 12:03:14,195 [INFO] [FINANCE] MISSION ACCOMPLISHED >> JARON | + aUEC
2026-02-19 12:03:18,910 [INFO] [SCANNER] No results for: JJ
2026-02-19 12:03:19,369 [INFO] [SCANNER] No results for: JJA
2026-02-19 12:03:20,425 [INFO] [SCANNER] No results for: JJ
2026-02-19 13:08:39,343 [INFO] [INTEL] UPLINK STATUS: CONNECTED
2026-02-19 13:09:09,588 [INFO] [INTEL] uplink initiated: kidibule
2026-02-19 13:09:17,778 [INFO] [INTEL] scanning profile: kidibule...
2026-02-19 13:09:47,356 [INFO] [INTEL] intercepting organization data...
2026-02-19 13:09:54,141 [INFO] [INTEL] intel acquired: kidibule
2026-02-19 13:28:51,639 [INFO] [INTEL] UPLINK STATUS: CONNECTED
2026-02-19 14:47:16,956 [INFO] [INTEL] UPLINK STATUS: CONNECTED
2026-02-19 14:55:25,354 [INFO] [INTEL] UPLINK STATUS: CONNECTED
2026-02-19 14:56:26,912 [INFO] [SCANNER] No results for: JARI
2026-02-19 14:56:27,137 [INFO] [SCANNER] No results for: JARIN
2026-02-19 14:56:27,770 [INFO] [SCANNER] No results for: JARI
2026-02-19 14:56:28,910 [INFO] [SCANNER] No results for: JARI
2026-02-19 15:05:08,921 [INFO] [INTEL] UPLINK STATUS: CONNECTED
2026-02-19 15:05:27,683 [INFO] [SCANNER] No results for: SAME
2026-02-19 15:07:28,409 [INFO] [INTEL] UPLINK STATUS: CONNECTED
2026-02-19 15:08:46,177 [INFO] [INTEL] UPLINK STATUS: CONNECTED
2026-02-19 15:11:08,046 [INFO] [INTEL] UPLINK STATUS: CONNECTED
2026-02-19 15:17:53,542 [INFO] [INTEL] UPLINK STATUS: CONNECTED
2026-02-19 15:20:15,621 [INFO] [INTEL] UPLINK STATUS: CONNECTED
2026-02-19 15:21:07,679 [INFO] [LOGGER] Cleared logger UI fields
2026-02-19 15:21:08,743 [INFO] [LOGGER] Cleared logger UI fields
2026-02-19 15:25:17,271 [INFO] [INTEL] UPLINK STATUS: CONNECTED
2026-02-19 15:27:06,289 [INFO] [INTEL] UPLINK STATUS: CONNECTED
2026-02-19 15:39:53,239 [INFO] [INTEL] UPLINK STATUS: CONNECTED
2026-02-19 15:41:40,215 [INFO] [INTEL] UPLINK STATUS: CONNECTED
2026-02-19 15:43:30,382 [INFO] [INTEL] UPLINK STATUS: CONNECTED
2026-02-19 15:46:00,452 [INFO] [INTEL] UPLINK STATUS: CONNECTED
2026-02-19 15:51:27,087 [INFO] [INTEL] UPLINK STATUS: CONNECTED
2026-02-19 15:52:09,970 [INFO] [INTEL] UPLINK STATUS: CONNECTED
